2025-03-09T16:04:06.5672393Z Current runner version: '2.322.0'
2025-03-09T16:04:06.5699390Z ##[group]Operating System
2025-03-09T16:04:06.5700357Z Ubuntu
2025-03-09T16:04:06.5701022Z 24.04.2
2025-03-09T16:04:06.5701649Z LTS
2025-03-09T16:04:06.5702297Z ##[endgroup]
2025-03-09T16:04:06.5702907Z ##[group]Runner Image
2025-03-09T16:04:06.5703696Z Image: ubuntu-24.04
2025-03-09T16:04:06.5704500Z Version: 20250302.1.0
2025-03-09T16:04:06.5705764Z Included Software: https://github.com/actions/runner-images/blob/ubuntu24/20250302.1/images/ubuntu/Ubuntu2404-Readme.md
2025-03-09T16:04:06.5707304Z Image Release: https://github.com/actions/runner-images/releases/tag/ubuntu24%2F20250302.1
2025-03-09T16:04:06.5708372Z ##[endgroup]
2025-03-09T16:04:06.5709066Z ##[group]Runner Image Provisioner
2025-03-09T16:04:06.5709801Z 2.0.422.1
2025-03-09T16:04:06.5710458Z ##[endgroup]
2025-03-09T16:04:06.5711792Z ##[group]GITHUB_TOKEN Permissions
2025-03-09T16:04:06.5713731Z Contents: read
2025-03-09T16:04:06.5714660Z Metadata: read
2025-03-09T16:04:06.5715571Z Packages: read
2025-03-09T16:04:06.5716367Z ##[endgroup]
2025-03-09T16:04:06.5719362Z Secret source: Actions
2025-03-09T16:04:06.5720361Z Prepare workflow directory
2025-03-09T16:04:06.6040719Z Prepare all required actions
2025-03-09T16:04:06.6079365Z Getting action download info
2025-03-09T16:04:06.8100790Z Download action repository 'actions/checkout@v4' (SHA:11bd71901bbe5b1630ceea73d27597364c9af683)
2025-03-09T16:04:06.9146353Z Download action repository 'docker/login-action@v3' (SHA:9780b0c442fbb1117ed29e0efdff1e18412f7567)
2025-03-09T16:04:07.1967471Z Download action repository 'docker/build-push-action@v6.11.0' (SHA:b32b51a8eda65d6793cd0494a773d4f6bcef32dc)
2025-03-09T16:04:07.6022066Z Complete job name: build (udagram-api-feed)
2025-03-09T16:04:07.6731207Z ##[group]Run echo Running docker-image for udagram-api-feed.
2025-03-09T16:04:07.6732290Z [36;1mecho Running docker-image for udagram-api-feed.[0m
2025-03-09T16:04:07.6784241Z shell: /usr/bin/bash -e {0}
2025-03-09T16:04:07.6785221Z ##[endgroup]
2025-03-09T16:04:07.6940289Z Running docker-image for udagram-api-feed.
2025-03-09T16:04:07.7139136Z ##[group]Run actions/checkout@v4
2025-03-09T16:04:07.7139852Z with:
2025-03-09T16:04:07.7140443Z   repository: kotdm1996/Microservices_v3
2025-03-09T16:04:07.7141288Z   token: ***
2025-03-09T16:04:07.7141831Z   ssh-strict: true
2025-03-09T16:04:07.7142393Z   ssh-user: git
2025-03-09T16:04:07.7142944Z   persist-credentials: true
2025-03-09T16:04:07.7143555Z   clean: true
2025-03-09T16:04:07.7144292Z   sparse-checkout-cone-mode: true
2025-03-09T16:04:07.7144933Z   fetch-depth: 1
2025-03-09T16:04:07.7145469Z   fetch-tags: false
2025-03-09T16:04:07.7146117Z   show-progress: true
2025-03-09T16:04:07.7146903Z   lfs: false
2025-03-09T16:04:07.7147422Z   submodules: false
2025-03-09T16:04:07.7147975Z   set-safe-directory: true
2025-03-09T16:04:07.7148559Z ##[endgroup]
2025-03-09T16:04:07.9524402Z Syncing repository: kotdm1996/Microservices_v3
2025-03-09T16:04:07.9526544Z ##[group]Getting Git version info
2025-03-09T16:04:07.9527730Z Working directory is '/home/runner/work/Microservices_v3/Microservices_v3'
2025-03-09T16:04:07.9528964Z [command]/usr/bin/git version
2025-03-09T16:04:07.9646903Z git version 2.48.1
2025-03-09T16:04:07.9677394Z ##[endgroup]
2025-03-09T16:04:07.9699161Z Temporarily overriding HOME='/home/runner/work/_temp/ac073996-fa16-4a1b-bd67-e70e1a7bfa61' before making global git config changes
2025-03-09T16:04:07.9701473Z Adding repository directory to the temporary git global config as a safe directory
2025-03-09T16:04:07.9704797Z [command]/usr/bin/git config --global --add safe.directory /home/runner/work/Microservices_v3/Microservices_v3
2025-03-09T16:04:07.9744778Z Deleting the contents of '/home/runner/work/Microservices_v3/Microservices_v3'
2025-03-09T16:04:07.9748823Z ##[group]Initializing the repository
2025-03-09T16:04:07.9752927Z [command]/usr/bin/git init /home/runner/work/Microservices_v3/Microservices_v3
2025-03-09T16:04:07.9865134Z hint: Using 'master' as the name for the initial branch. This *** branch name
2025-03-09T16:04:07.9866877Z hint: is subject to change. To configure the initial branch name to use in all
2025-03-09T16:04:07.9868059Z hint: of your new repositories, which will suppress this warning, call:
2025-03-09T16:04:07.9868995Z hint:
2025-03-09T16:04:07.9869692Z hint: 	git config --global init.***Branch <name>
2025-03-09T16:04:07.9870410Z hint:
2025-03-09T16:04:07.9871303Z hint: Names commonly chosen instead of 'master' are 'main', 'trunk' and
2025-03-09T16:04:07.9873110Z hint: 'development'. The just-created branch can be renamed via this command:
2025-03-09T16:04:07.9874770Z hint:
2025-03-09T16:04:07.9875647Z hint: 	git branch -m <name>
2025-03-09T16:04:07.9877296Z Initialized empty Git repository in /home/runner/work/Microservices_v3/Microservices_v3/.git/
2025-03-09T16:04:07.9887937Z [command]/usr/bin/git remote add origin https://github.com/kotdm1996/Microservices_v3
2025-03-09T16:04:07.9925696Z ##[endgroup]
2025-03-09T16:04:07.9927185Z ##[group]Disabling automatic garbage collection
2025-03-09T16:04:07.9930698Z [command]/usr/bin/git config --local gc.auto 0
2025-03-09T16:04:07.9959576Z ##[endgroup]
2025-03-09T16:04:07.9966911Z ##[group]Setting up auth
2025-03-09T16:04:07.9968428Z [command]/usr/bin/git config --local --name-only --get-regexp core\.sshCommand
2025-03-09T16:04:08.0000167Z [command]/usr/bin/git submodule foreach --recursive sh -c "git config --local --name-only --get-regexp 'core\.sshCommand' && git config --local --unset-all 'core.sshCommand' || :"
2025-03-09T16:04:08.0328504Z [command]/usr/bin/git config --local --name-only --get-regexp http\.https\:\/\/github\.com\/\.extraheader
2025-03-09T16:04:08.0359650Z [command]/usr/bin/git submodule foreach --recursive sh -c "git config --local --name-only --get-regexp 'http\.https\:\/\/github\.com\/\.extraheader' && git config --local --unset-all 'http.https://github.com/.extraheader' || :"
2025-03-09T16:04:08.0601692Z [command]/usr/bin/git config --local http.https://github.com/.extraheader AUTHORIZATION: basic ***
2025-03-09T16:04:08.0642135Z ##[endgroup]
2025-03-09T16:04:08.0644465Z ##[group]Fetching the repository
2025-03-09T16:04:08.0652985Z [command]/usr/bin/git -c protocol.version=2 fetch --no-tags --prune --no-recurse-submodules --depth=1 origin +8cbac1a4d885327373b20986d9051d2444806f22:refs/remotes/origin/main
2025-03-09T16:04:08.4810616Z From https://github.com/kotdm1996/Microservices_v3
2025-03-09T16:04:08.4813292Z  * [new ref]         8cbac1a4d885327373b20986d9051d2444806f22 -> origin/main
2025-03-09T16:04:08.4838525Z ##[endgroup]
2025-03-09T16:04:08.4840366Z ##[group]Determining the checkout info
2025-03-09T16:04:08.4841813Z ##[endgroup]
2025-03-09T16:04:08.4845470Z [command]/usr/bin/git sparse-checkout disable
2025-03-09T16:04:08.4887780Z [command]/usr/bin/git config --local --unset-all extensions.worktreeConfig
2025-03-09T16:04:08.4918657Z ##[group]Checking out the ref
2025-03-09T16:04:08.4921531Z [command]/usr/bin/git checkout --progress --force -B main refs/remotes/origin/main
2025-03-09T16:04:08.5473236Z Switched to a new branch 'main'
2025-03-09T16:04:08.5477185Z branch 'main' set up to track 'origin/main'.
2025-03-09T16:04:08.5491859Z ##[endgroup]
2025-03-09T16:04:08.5581763Z [command]/usr/bin/git log -1 --format=%H
2025-03-09T16:04:08.5584530Z 8cbac1a4d885327373b20986d9051d2444806f22
2025-03-09T16:04:08.5800437Z ##[group]Run docker/login-action@v3
2025-03-09T16:04:08.5801850Z with:
2025-03-09T16:04:08.5802946Z   username: ***
2025-03-09T16:04:08.5804402Z   password: ***
2025-03-09T16:04:08.5805517Z   ecr: auto
2025-03-09T16:04:08.5806516Z   logout: true
2025-03-09T16:04:08.5807587Z ##[endgroup]
2025-03-09T16:04:08.8724867Z Logging into Docker Hub...
2025-03-09T16:04:09.1349743Z Login Succeeded!
2025-03-09T16:04:09.1683604Z ##[group]Run docker/build-push-action@v6.11.0
2025-03-09T16:04:09.1685061Z with:
2025-03-09T16:04:09.1685992Z   context: ./udagram-api-feed
2025-03-09T16:04:09.1687173Z   file: ./udagram-api-feed/Dockerfile
2025-03-09T16:04:09.1688360Z   push: true
2025-03-09T16:04:09.1689819Z   tags: ***/udagram-api-feed:latest,***/udagram-api-feed:5
2025-03-09T16:04:09.1695402Z   build-args: POSTGRES_USERNAME_ARG=***
POSTGRES_PASSWORD_ARG=***
POSTGRES_HOST_ARG=***
POSTGRES_DB_ARG=***
AWS_BUCKET_ARG=***
AWS_REGION_ARG=***
AWS_PROFILE_ARG=***
JWT_SECRET_ARG=***
URL_ARG=***

2025-03-09T16:04:09.1698308Z   load: false
2025-03-09T16:04:09.1699242Z   no-cache: false
2025-03-09T16:04:09.1700208Z   pull: false
2025-03-09T16:04:09.1701428Z   github-token: ***
2025-03-09T16:04:09.1702409Z ##[endgroup]
2025-03-09T16:04:09.4151162Z ##[group]GitHub Actions runtime token ACs
2025-03-09T16:04:09.4158003Z refs/heads/main: read/write
2025-03-09T16:04:09.4160841Z ##[endgroup]
2025-03-09T16:04:09.4163120Z ##[group]Docker info
2025-03-09T16:04:09.4244377Z [command]/usr/bin/docker version
2025-03-09T16:04:09.4453662Z Client: Docker Engine - Community
2025-03-09T16:04:09.4457653Z  Version:           26.1.3
2025-03-09T16:04:09.4458879Z  API version:       1.45
2025-03-09T16:04:09.4460035Z  Go version:        go1.21.10
2025-03-09T16:04:09.4461233Z  Git commit:        b72abbb
2025-03-09T16:04:09.4462408Z  Built:             Thu May 16 08:33:35 2024
2025-03-09T16:04:09.4464343Z  OS/Arch:           linux/amd64
2025-03-09T16:04:09.4466794Z  Context:           ***
2025-03-09T16:04:09.4467913Z 
2025-03-09T16:04:09.4468719Z Server: Docker Engine - Community
2025-03-09T16:04:09.4470780Z  Engine:
2025-03-09T16:04:09.4472340Z   Version:          26.1.3
2025-03-09T16:04:09.4474767Z   API version:      1.45 (minimum version 1.24)
2025-03-09T16:04:09.4477108Z   Go version:       go1.21.10
2025-03-09T16:04:09.4479106Z   Git commit:       8e96db1
2025-03-09T16:04:09.4481114Z   Built:            Thu May 16 08:33:35 2024
2025-03-09T16:04:09.4483313Z   OS/Arch:          linux/amd64
2025-03-09T16:04:09.4485547Z   Experimental:     false
2025-03-09T16:04:09.4487391Z  containerd:
2025-03-09T16:04:09.4489056Z   Version:          1.7.25
2025-03-09T16:04:09.4491274Z   GitCommit:        bcc810d6b9066471b0b6fa75f557a15a1cbf31bb
2025-03-09T16:04:09.4493635Z  runc:
2025-03-09T16:04:09.4496041Z   Version:          1.2.4
2025-03-09T16:04:09.4497876Z   GitCommit:        v1.2.4-0-g6c52b3f
2025-03-09T16:04:09.4499819Z  docker-init:
2025-03-09T16:04:09.4501381Z   Version:          0.19.0
2025-03-09T16:04:09.4503144Z   GitCommit:        de40ad0
2025-03-09T16:04:09.4516896Z [command]/usr/bin/docker info
2025-03-09T16:04:09.6344829Z Client: Docker Engine - Community
2025-03-09T16:04:09.6346863Z  Version:    26.1.3
2025-03-09T16:04:09.6348615Z  Context:    ***
2025-03-09T16:04:09.6350199Z  Debug Mode: false
2025-03-09T16:04:09.6351758Z  Plugins:
2025-03-09T16:04:09.6353334Z   buildx: Docker Buildx (Docker Inc.)
2025-03-09T16:04:09.6355410Z     Version:  v0.21.1
2025-03-09T16:04:09.6357408Z     Path:     /usr/libexec/docker/cli-plugins/docker-buildx
2025-03-09T16:04:09.6359753Z   compose: Docker Compose (Docker Inc.)
2025-03-09T16:04:09.6361397Z     Version:  v2.27.1
2025-03-09T16:04:09.6362643Z     Path:     /usr/libexec/docker/cli-plugins/docker-compose
2025-03-09T16:04:09.6363641Z 
2025-03-09T16:04:09.6364343Z Server:
2025-03-09T16:04:09.6365772Z  Containers: 0
2025-03-09T16:04:09.6366762Z   Running: 0
2025-03-09T16:04:09.6367718Z   Paused: 0
2025-03-09T16:04:09.6368655Z   Stopped: 0
2025-03-09T16:04:09.6369573Z  Images: 0
2025-03-09T16:04:09.6370527Z  Server Version: 26.1.3
2025-03-09T16:04:09.6371683Z  Storage Driver: overlay2
2025-03-09T16:04:09.6372873Z   Backing Filesystem: extfs
2025-03-09T16:04:09.6374329Z   Supports d_type: true
2025-03-09T16:04:09.6375767Z   Using metacopy: false
2025-03-09T16:04:09.6377097Z   Native Overlay Diff: false
2025-03-09T16:04:09.6378451Z   userxattr: false
2025-03-09T16:04:09.6379605Z  Logging Driver: json-file
2025-03-09T16:04:09.6381250Z  Cgroup Driver: systemd
2025-03-09T16:04:09.6382584Z  Cgroup Version: 2
2025-03-09T16:04:09.6383764Z  Plugins:
2025-03-09T16:04:09.6385078Z   Volume: local
2025-03-09T16:04:09.6386497Z   Network: bridge host ipvlan macvlan null overlay
2025-03-09T16:04:09.6388485Z   Log: awslogs fluentd gcplogs gelf journald json-file local splunk syslog
2025-03-09T16:04:09.6390560Z  Swarm: inactive
2025-03-09T16:04:09.6391737Z  Runtimes: io.containerd.runc.v2 runc
2025-03-09T16:04:09.6393189Z  Default Runtime: runc
2025-03-09T16:04:09.6394817Z  Init Binary: docker-init
2025-03-09T16:04:09.6396405Z  containerd version: bcc810d6b9066471b0b6fa75f557a15a1cbf31bb
2025-03-09T16:04:09.6398246Z  runc version: v1.2.4-0-g6c52b3f
2025-03-09T16:04:09.6399522Z  init version: de40ad0
2025-03-09T16:04:09.6400772Z  Security Options:
2025-03-09T16:04:09.6401738Z   apparmor
2025-03-09T16:04:09.6402626Z   seccomp
2025-03-09T16:04:09.6403517Z    Profile: builtin
2025-03-09T16:04:09.6404695Z   cgroupns
2025-03-09T16:04:09.6405653Z  Kernel Version: 6.8.0-1021-azure
2025-03-09T16:04:09.6406856Z  Operating System: Ubuntu 24.04.2 LTS
2025-03-09T16:04:09.6408047Z  OSType: linux
2025-03-09T16:04:09.6409008Z  Architecture: x86_64
2025-03-09T16:04:09.6409988Z  CPUs: 4
2025-03-09T16:04:09.6410895Z  Total Memory: 15.62GiB
2025-03-09T16:04:09.6411930Z  Name: fv-az805-230
2025-03-09T16:04:09.6412974Z  ID: bbc378f6-28b4-4eff-b0f8-05e209eb801e
2025-03-09T16:04:09.6414582Z  Docker Root Dir: /var/lib/docker
2025-03-09T16:04:09.6415769Z  Debug Mode: false
2025-03-09T16:04:09.6416849Z  Username: ***
2025-03-09T16:04:09.6417820Z  Experimental: false
2025-03-09T16:04:09.6418845Z  Insecure Registries:
2025-03-09T16:04:09.6419838Z   127.0.0.0/8
2025-03-09T16:04:09.6420777Z  Live Restore Enabled: false
2025-03-09T16:04:09.6421478Z 
2025-03-09T16:04:09.6422697Z ##[endgroup]
2025-03-09T16:04:09.6424565Z ##[group]Proxy configuration
2025-03-09T16:04:09.6425723Z No proxy configuration found
2025-03-09T16:04:09.6427426Z ##[endgroup]
2025-03-09T16:04:09.7049552Z ##[group]Buildx version
2025-03-09T16:04:09.7076959Z [command]/usr/bin/docker buildx version
2025-03-09T16:04:09.7593777Z github.com/docker/buildx v0.21.1 7c2359c6bf8b3331413c0fe95918fe1cfe9aa127
2025-03-09T16:04:09.7626594Z ##[endgroup]
2025-03-09T16:04:09.7629286Z ##[group]Builder info
2025-03-09T16:04:09.8679645Z {
2025-03-09T16:04:09.8681245Z   "nodes": [
2025-03-09T16:04:09.8682820Z     {
2025-03-09T16:04:09.8685121Z       "name": "***",
2025-03-09T16:04:09.8686999Z       "endpoint": "***",
2025-03-09T16:04:09.8688802Z       "status": "running",
2025-03-09T16:04:09.8690675Z       "buildkit": "v0.13.2",
2025-03-09T16:04:09.8693169Z       "platforms": "linux/amd64,linux/amd64/v2,linux/amd64/v3,linux/386",
2025-03-09T16:04:09.8695970Z       "features": {
2025-03-09T16:04:09.8698328Z         "Automatically load images to the Docker Engine image store": true,
2025-03-09T16:04:09.8701099Z         "Cache export": true,
2025-03-09T16:04:09.8703085Z         "Docker exporter": true,
2025-03-09T16:04:09.8705871Z         "Multi-platform build": true,
2025-03-09T16:04:09.8708072Z         "OCI exporter": true
2025-03-09T16:04:09.8709927Z       },
2025-03-09T16:04:09.8711477Z       "labels": {
2025-03-09T16:04:09.8714150Z         "org.mobyproject.buildkit.worker.moby.host-gateway-ip": "172.17.0.1"
2025-03-09T16:04:09.8716966Z       }
2025-03-09T16:04:09.8718470Z     }
2025-03-09T16:04:09.8719987Z   ],
2025-03-09T16:04:09.8721503Z   "name": "***",
2025-03-09T16:04:09.8723171Z   "driver": "docker"
2025-03-09T16:04:09.8725006Z }
2025-03-09T16:04:09.8727769Z ##[endgroup]
2025-03-09T16:04:10.0298919Z [command]/usr/bin/docker buildx build --build-arg POSTGRES_USERNAME_ARG=*** --build-arg POSTGRES_PASSWORD_ARG=*** --build-arg POSTGRES_HOST_ARG=*** --build-arg POSTGRES_DB_ARG=*** --build-arg AWS_BUCKET_ARG=*** --build-arg AWS_REGION_ARG=*** --build-arg AWS_PROFILE_ARG=*** --build-arg JWT_SECRET_ARG=*** --build-arg URL_ARG=*** --file ./udagram-api-feed/Dockerfile --iidfile /home/runner/work/_temp/docker-actions-toolkit-3fTTh1/build-iidfile-4a9ee15527.txt --tag ***/udagram-api-feed:latest --tag ***/udagram-api-feed:5 --metadata-file /home/runner/work/_temp/docker-actions-toolkit-3fTTh1/build-metadata-4e556420f1.json --push ./udagram-api-feed
2025-03-09T16:04:10.3461741Z #0 building with "***" instance using docker driver
2025-03-09T16:04:10.3463472Z 
2025-03-09T16:04:10.3465083Z #1 [internal] load build definition from Dockerfile
2025-03-09T16:04:10.3467479Z #1 transferring dockerfile: 922B done
2025-03-09T16:04:10.3469499Z #1 DONE 0.0s
2025-03-09T16:04:10.3470421Z 
2025-03-09T16:04:10.3471558Z #2 [auth] library/node:pull token for registry-1.docker.io
2025-03-09T16:04:10.3474196Z #2 DONE 0.0s
2025-03-09T16:04:10.3475113Z 
2025-03-09T16:04:10.3476198Z #3 [internal] load metadata for docker.io/library/node:12
2025-03-09T16:04:10.4602349Z #3 DONE 0.3s
2025-03-09T16:04:10.5836226Z 
2025-03-09T16:04:10.5837230Z #4 [internal] load .dockerignore
2025-03-09T16:04:10.5840000Z #4 transferring context: 52B done
2025-03-09T16:04:10.5840756Z #4 DONE 0.0s
2025-03-09T16:04:10.5841019Z 
2025-03-09T16:04:10.5841207Z #5 [internal] load build context
2025-03-09T16:04:10.5841867Z #5 transferring context: 6.12MB 0.0s done
2025-03-09T16:04:10.5842321Z #5 DONE 0.0s
2025-03-09T16:04:10.5842526Z 
2025-03-09T16:04:10.5844700Z #6 [1/6] FROM docker.io/library/node:12@sha256:01627afeb110b3054ba4a1405541ca095c8bfca1cb6f2be9479c767a2711879e
2025-03-09T16:04:10.5845774Z #6 resolve docker.io/library/node:12@sha256:01627afeb110b3054ba4a1405541ca095c8bfca1cb6f2be9479c767a2711879e done
2025-03-09T16:04:10.5846719Z #6 sha256:3a69ea1270dbf4ef20477361be4b7a43400e559c6abdfaf69d73f7c755f434f5 2.21kB / 2.21kB done
2025-03-09T16:04:10.5849002Z #6 sha256:6c8de432fc7f7d8c58899f61982d1662ec6b73fb3ef92f862ba170dcc5b64fa9 7.68kB / 7.68kB done
2025-03-09T16:04:10.5849949Z #6 sha256:f44e4bdb3a6c1325cc4d40e585ed7a759127c0c87b0388ec0236b1698827d70d 1.05MB / 4.34MB 0.1s
2025-03-09T16:04:10.5853458Z #6 sha256:01627afeb110b3054ba4a1405541ca095c8bfca1cb6f2be9479c767a2711879e 776B / 776B done
2025-03-09T16:04:10.5854448Z #6 sha256:9bed1e86f01ee95c76d2c8b4385a47ae336e6d293afade9368469d99daa9369f 3.15MB / 11.30MB 0.1s
2025-03-09T16:04:10.5858867Z #6 sha256:f5196cdf25181bc7e4411865a2e002932b7b6b0ffce787c04c1bdeaf1f204f20 8.39MB / 45.43MB 0.1s
2025-03-09T16:04:10.7859577Z #6 sha256:f44e4bdb3a6c1325cc4d40e585ed7a759127c0c87b0388ec0236b1698827d70d 4.34MB / 4.34MB 0.1s done
2025-03-09T16:04:10.7862424Z #6 sha256:9bed1e86f01ee95c76d2c8b4385a47ae336e6d293afade9368469d99daa9369f 11.30MB / 11.30MB 0.2s done
2025-03-09T16:04:10.7863717Z #6 sha256:f5196cdf25181bc7e4411865a2e002932b7b6b0ffce787c04c1bdeaf1f204f20 32.51MB / 45.43MB 0.3s
2025-03-09T16:04:10.7865089Z #6 sha256:2f75d131f4060950dd6cc1f580e2fa5504ece8d692113a9cdb0a866637b397d7 17.83MB / 49.77MB 0.3s
2025-03-09T16:04:10.7866252Z #6 sha256:07dff4ad21ebdb3ce3e329699663b2f81af70152453025f6624584a39a8e22b6 2.10MB / 214.48MB 0.3s
2025-03-09T16:04:10.8855839Z #6 sha256:f5196cdf25181bc7e4411865a2e002932b7b6b0ffce787c04c1bdeaf1f204f20 42.99MB / 45.43MB 0.4s
2025-03-09T16:04:10.8857477Z #6 sha256:2f75d131f4060950dd6cc1f580e2fa5504ece8d692113a9cdb0a866637b397d7 30.41MB / 49.77MB 0.4s
2025-03-09T16:04:11.0750678Z #6 sha256:f5196cdf25181bc7e4411865a2e002932b7b6b0ffce787c04c1bdeaf1f204f20 45.43MB / 45.43MB 0.5s done
2025-03-09T16:04:11.0752051Z #6 sha256:07dff4ad21ebdb3ce3e329699663b2f81af70152453025f6624584a39a8e22b6 27.17MB / 214.48MB 0.5s
2025-03-09T16:04:11.0753674Z #6 extracting sha256:f5196cdf25181bc7e4411865a2e002932b7b6b0ffce787c04c1bdeaf1f204f20 0.1s
2025-03-09T16:04:11.0756365Z #6 sha256:e0ac4f13b766d321acc3b650d3d23b82828995711f6f247ff591722c00d04cec 0B / 4.19kB 0.5s
2025-03-09T16:04:11.1831698Z #6 sha256:e0ac4f13b766d321acc3b650d3d23b82828995711f6f247ff591722c00d04cec 4.19kB / 4.19kB 0.5s done
2025-03-09T16:04:11.1833277Z #6 sha256:df2c3b2eb7cc63351bb32f26457bbe0402af8082548f26975f0c329bc7841881 3.15MB / 23.70MB 0.6s
2025-03-09T16:04:11.2840725Z #6 sha256:2f75d131f4060950dd6cc1f580e2fa5504ece8d692113a9cdb0a866637b397d7 49.77MB / 49.77MB 0.8s
2025-03-09T16:04:11.2843042Z #6 sha256:07dff4ad21ebdb3ce3e329699663b2f81af70152453025f6624584a39a8e22b6 46.14MB / 214.48MB 0.8s
2025-03-09T16:04:11.2845187Z #6 sha256:df2c3b2eb7cc63351bb32f26457bbe0402af8082548f26975f0c329bc7841881 23.70MB / 23.70MB 0.7s done
2025-03-09T16:04:11.2846335Z #6 sha256:efe636eac583776a8a114d50fef15bc65b648f3d2bb53326cf1f21cc5ef2b3ae 2.34MB / 2.34MB 0.8s
2025-03-09T16:04:11.3939655Z #6 sha256:2f75d131f4060950dd6cc1f580e2fa5504ece8d692113a9cdb0a866637b397d7 49.77MB / 49.77MB 0.8s done
2025-03-09T16:04:11.3941013Z #6 sha256:efe636eac583776a8a114d50fef15bc65b648f3d2bb53326cf1f21cc5ef2b3ae 2.34MB / 2.34MB 0.8s done
2025-03-09T16:04:11.3942200Z #6 sha256:fe17849545bb51455d3f7c8773ded2dbb1d6668a85bd00564573a4b88afd36f6 464B / 464B 0.9s done
2025-03-09T16:04:11.5828395Z #6 sha256:07dff4ad21ebdb3ce3e329699663b2f81af70152453025f6624584a39a8e22b6 60.82MB / 214.48MB 1.1s
2025-03-09T16:04:11.8146730Z #6 sha256:07dff4ad21ebdb3ce3e329699663b2f81af70152453025f6624584a39a8e22b6 72.35MB / 214.48MB 1.3s
2025-03-09T16:04:11.9159357Z #6 sha256:07dff4ad21ebdb3ce3e329699663b2f81af70152453025f6624584a39a8e22b6 84.93MB / 214.48MB 1.4s
2025-03-09T16:04:12.1278207Z #6 sha256:07dff4ad21ebdb3ce3e329699663b2f81af70152453025f6624584a39a8e22b6 106.43MB / 214.48MB 1.6s
2025-03-09T16:04:12.3828832Z #6 sha256:07dff4ad21ebdb3ce3e329699663b2f81af70152453025f6624584a39a8e22b6 130.02MB / 214.48MB 1.9s
2025-03-09T16:04:12.6676501Z #6 sha256:07dff4ad21ebdb3ce3e329699663b2f81af70152453025f6624584a39a8e22b6 149.05MB / 214.48MB 2.1s
2025-03-09T16:04:12.7835059Z #6 sha256:07dff4ad21ebdb3ce3e329699663b2f81af70152453025f6624584a39a8e22b6 170.92MB / 214.48MB 2.3s
2025-03-09T16:04:12.7835856Z #6 extracting sha256:f5196cdf25181bc7e4411865a2e002932b7b6b0ffce787c04c1bdeaf1f204f20 1.8s done
2025-03-09T16:04:12.8945289Z #6 extracting sha256:9bed1e86f01ee95c76d2c8b4385a47ae336e6d293afade9368469d99daa9369f 0.1s
2025-03-09T16:04:13.0953608Z #6 sha256:07dff4ad21ebdb3ce3e329699663b2f81af70152453025f6624584a39a8e22b6 185.60MB / 214.48MB 2.6s
2025-03-09T16:04:13.2837958Z #6 extracting sha256:9bed1e86f01ee95c76d2c8b4385a47ae336e6d293afade9368469d99daa9369f 0.3s done
2025-03-09T16:04:13.4833331Z #6 sha256:07dff4ad21ebdb3ce3e329699663b2f81af70152453025f6624584a39a8e22b6 208.67MB / 214.48MB 3.0s
2025-03-09T16:04:13.6837309Z #6 sha256:07dff4ad21ebdb3ce3e329699663b2f81af70152453025f6624584a39a8e22b6 214.48MB / 214.48MB 3.2s done
2025-03-09T16:04:13.8579737Z #6 extracting sha256:f44e4bdb3a6c1325cc4d40e585ed7a759127c0c87b0388ec0236b1698827d70d
2025-03-09T16:04:14.0035745Z #6 extracting sha256:f44e4bdb3a6c1325cc4d40e585ed7a759127c0c87b0388ec0236b1698827d70d 0.1s done
2025-03-09T16:04:14.0036927Z #6 extracting sha256:2f75d131f4060950dd6cc1f580e2fa5504ece8d692113a9cdb0a866637b397d7
2025-03-09T16:04:15.9888233Z #6 extracting sha256:2f75d131f4060950dd6cc1f580e2fa5504ece8d692113a9cdb0a866637b397d7 1.8s done
2025-03-09T16:04:16.1039777Z #6 extracting sha256:07dff4ad21ebdb3ce3e329699663b2f81af70152453025f6624584a39a8e22b6
2025-03-09T16:04:21.1553338Z #6 extracting sha256:07dff4ad21ebdb3ce3e329699663b2f81af70152453025f6624584a39a8e22b6 5.1s
2025-03-09T16:04:22.3578670Z #6 extracting sha256:07dff4ad21ebdb3ce3e329699663b2f81af70152453025f6624584a39a8e22b6 6.1s done
2025-03-09T16:04:23.5109065Z #6 extracting sha256:e0ac4f13b766d321acc3b650d3d23b82828995711f6f247ff591722c00d04cec
2025-03-09T16:04:23.6367610Z #6 extracting sha256:e0ac4f13b766d321acc3b650d3d23b82828995711f6f247ff591722c00d04cec done
2025-03-09T16:04:23.6369605Z #6 extracting sha256:df2c3b2eb7cc63351bb32f26457bbe0402af8082548f26975f0c329bc7841881 0.1s
2025-03-09T16:04:25.0803044Z #6 extracting sha256:df2c3b2eb7cc63351bb32f26457bbe0402af8082548f26975f0c329bc7841881 1.4s done
2025-03-09T16:04:25.1293806Z #6 extracting sha256:efe636eac583776a8a114d50fef15bc65b648f3d2bb53326cf1f21cc5ef2b3ae
2025-03-09T16:04:25.2359416Z #6 extracting sha256:efe636eac583776a8a114d50fef15bc65b648f3d2bb53326cf1f21cc5ef2b3ae 0.0s done
2025-03-09T16:04:25.2360997Z #6 extracting sha256:fe17849545bb51455d3f7c8773ded2dbb1d6668a85bd00564573a4b88afd36f6 done
2025-03-09T16:04:25.2362265Z #6 DONE 14.8s
2025-03-09T16:04:25.2362527Z 
2025-03-09T16:04:25.2362833Z #7 [2/6] WORKDIR /usr/src/app
2025-03-09T16:04:25.2363463Z #7 DONE 0.0s
2025-03-09T16:04:25.3995071Z 
2025-03-09T16:04:25.3995762Z #8 [3/6] COPY package*.json ./
2025-03-09T16:04:25.3996323Z #8 DONE 0.0s
2025-03-09T16:04:25.3996844Z 
2025-03-09T16:04:25.3997195Z #9 [4/6] RUN npm install
2025-03-09T16:04:33.2920754Z #9 8.043 
2025-03-09T16:04:33.2921394Z #9 8.043 > bcrypt@5.0.1 install /usr/src/app/node_modules/bcrypt
2025-03-09T16:04:33.2922143Z #9 8.043 > node-pre-gyp install --fallback-to-build
2025-03-09T16:04:33.2922684Z #9 8.043 
2025-03-09T16:04:33.5445360Z #9 8.295 [bcrypt] Success: "/usr/src/app/node_modules/bcrypt/lib/binding/napi-v3/bcrypt_lib.node" is installed via remote
2025-03-09T16:04:33.7715071Z #9 8.370 
2025-03-09T16:04:33.7715771Z #9 8.370 > aws-sdk@2.953.0 postinstall /usr/src/app/node_modules/aws-sdk
2025-03-09T16:04:33.7716470Z #9 8.370 > node scripts/check-node-version.js
2025-03-09T16:04:33.7717009Z #9 8.370 
2025-03-09T16:04:33.8935251Z #9 8.644 npm WARN udagram-api@2.0.0 No description
2025-03-09T16:04:34.0402089Z #9 8.652 npm WARN udagram-api@2.0.0 No repository field.
2025-03-09T16:04:34.0402947Z #9 8.664 npm WARN optional SKIPPING OPTIONAL DEPENDENCY: fsevents@2.3.2 (node_modules/fsevents):
2025-03-09T16:04:34.0404508Z #9 8.664 npm WARN notsup SKIPPING OPTIONAL DEPENDENCY: Unsupported platform for fsevents@2.3.2: wanted {"os":"darwin","arch":"any"} (current: {"os":"linux","arch":"x64"})
2025-03-09T16:04:34.0405613Z #9 8.664 
2025-03-09T16:04:34.0406162Z #9 8.667 added 459 packages from 1065 contributors and audited 462 packages in 8.169s
2025-03-09T16:04:34.0406832Z #9 8.790 
2025-03-09T16:04:34.0407199Z #9 8.790 49 packages are looking for funding
2025-03-09T16:04:34.0407716Z #9 8.790   run `npm fund` for details
2025-03-09T16:04:34.0408197Z #9 8.790 
2025-03-09T16:04:34.2405337Z #9 8.791 found 69 vulnerabilities (7 low, 11 moderate, 44 high, 7 critical)
2025-03-09T16:04:34.2406309Z #9 8.791   run `npm audit fix` to fix them, or `npm audit` for details
2025-03-09T16:04:34.2406893Z #9 DONE 8.8s
2025-03-09T16:04:34.2407042Z 
2025-03-09T16:04:34.2407152Z #10 [5/6] RUN npm ci
2025-03-09T16:04:34.7556673Z #10 0.515 npm WARN prepare removing existing node_modules/ before installation
2025-03-09T16:04:39.7642208Z #10 5.675 
2025-03-09T16:04:39.7642833Z #10 5.675 > bcrypt@5.0.1 install /usr/src/app/node_modules/bcrypt
2025-03-09T16:04:39.7643514Z #10 5.675 > node-pre-gyp install --fallback-to-build
2025-03-09T16:04:39.7644075Z #10 5.675 
2025-03-09T16:04:39.9466852Z #10 5.857 [bcrypt] Success: "/usr/src/app/node_modules/bcrypt/lib/binding/napi-v3/bcrypt_lib.node" is installed via remote
2025-03-09T16:04:40.1134130Z #10 5.874 
2025-03-09T16:04:40.1135751Z #10 5.874 > aws-sdk@2.953.0 postinstall /usr/src/app/node_modules/aws-sdk
2025-03-09T16:04:40.1136451Z #10 5.874 > node scripts/check-node-version.js
2025-03-09T16:04:40.1136933Z #10 5.874 
2025-03-09T16:04:40.1620190Z #10 6.072 added 460 packages in 5.565s
2025-03-09T16:04:40.5680749Z #10 DONE 6.5s
2025-03-09T16:04:40.7500990Z 
2025-03-09T16:04:40.7501831Z #11 [6/6] COPY . .
2025-03-09T16:04:40.7502482Z #11 DONE 0.0s
2025-03-09T16:04:40.7502697Z 
2025-03-09T16:04:40.7502864Z #12 exporting to image
2025-03-09T16:04:40.7503278Z #12 exporting layers
2025-03-09T16:04:45.3369024Z #12 exporting layers 4.7s done
2025-03-09T16:04:45.5822540Z #12 writing image sha256:c334df69a8c2a84dcc525232fd91568c4c6a7dcb33f946ba0cec09589d116f60 done
2025-03-09T16:04:45.5823558Z #12 naming to docker.io/***/udagram-api-feed:latest done
2025-03-09T16:04:45.5824417Z #12 naming to docker.io/***/udagram-api-feed:5 done
2025-03-09T16:04:45.5824946Z #12 DONE 4.7s
2025-03-09T16:04:45.5825196Z 
2025-03-09T16:04:45.5825439Z #13 resolving provenance for metadata file
2025-03-09T16:04:45.5825896Z #13 DONE 0.0s
2025-03-09T16:04:45.5826095Z 
2025-03-09T16:04:45.5826406Z #14 pushing ***/udagram-api-feed:latest with docker
2025-03-09T16:04:45.5827094Z #14 pushing layer cf4ca7bce252
2025-03-09T16:04:45.5828133Z #14 pushing layer 8c8a6cf6ba4f
2025-03-09T16:04:45.5828695Z #14 pushing layer b75b00e095da
2025-03-09T16:04:45.5829216Z #14 pushing layer c6d264adf0e1
2025-03-09T16:04:45.5829774Z #14 pushing layer 973298ed424a
2025-03-09T16:04:45.5830302Z #14 pushing layer 586c0b414da7
2025-03-09T16:04:45.5830827Z #14 pushing layer 0bfd290f2c17
2025-03-09T16:04:45.5831608Z #14 pushing layer 6d75cd01c26c
2025-03-09T16:04:45.5832033Z #14 pushing layer 95904c181913
2025-03-09T16:04:45.5832496Z #14 pushing layer df69bfa94785
2025-03-09T16:04:45.5832956Z #14 pushing layer f35deb8d96fc
2025-03-09T16:04:45.5833425Z #14 pushing layer f6c2459e2059
2025-03-09T16:04:45.5834103Z #14 pushing layer f8323fb3a55c
2025-03-09T16:04:45.5834592Z #14 pushing layer 2f4dc9775f33
2025-03-09T16:04:45.6888876Z #14 pushing layer cf4ca7bce252 3.22MB / 5.98MB 0.3s
2025-03-09T16:04:45.6889589Z #14 pushing layer c6d264adf0e1 150.02kB / 146.01kB 0.2s
2025-03-09T16:04:45.8629625Z #14 pushing layer cf4ca7bce252 6.00MB / 5.98MB 0.4s
2025-03-09T16:04:45.8630433Z #14 pushing layer 8c8a6cf6ba4f 1.50MB / 871.00kB 0.3s
2025-03-09T16:04:45.9653799Z #14 pushing layer b75b00e095da 12.03MB / 193.12MB 0.5s
2025-03-09T16:04:46.2750967Z #14 pushing layer b75b00e095da 24.65MB / 193.12MB 0.8s
2025-03-09T16:04:46.5152866Z #14 pushing layer 973298ed424a 1.1s done
2025-03-09T16:04:46.6354372Z #14 pushing layer b75b00e095da 35.35MB / 193.12MB 1.2s
2025-03-09T16:04:46.6354995Z #14 pushing layer c6d264adf0e1 1.2s done
2025-03-09T16:04:46.7408062Z #14 pushing layer cf4ca7bce252 1.3s done
2025-03-09T16:04:46.7408770Z #14 pushing layer 8c8a6cf6ba4f 1.3s done
2025-03-09T16:04:46.9558839Z #14 pushing layer b75b00e095da 47.09MB / 193.12MB 1.5s
2025-03-09T16:04:47.1605118Z #14 pushing layer b75b00e095da 57.31MB / 193.12MB 1.7s
2025-03-09T16:04:47.3770187Z #14 pushing layer b75b00e095da 67.14MB / 193.12MB 1.9s
2025-03-09T16:04:47.5897940Z #14 pushing layer b75b00e095da 76.86MB / 193.12MB 2.2s
2025-03-09T16:04:47.9126310Z #14 pushing layer b75b00e095da 91.09MB / 193.12MB 2.5s
2025-03-09T16:04:48.1345645Z #14 pushing layer b75b00e095da 102.16MB / 193.12MB 2.7s
2025-03-09T16:04:48.5620063Z #14 pushing layer b75b00e095da 113.80MB / 193.12MB 3.1s
2025-03-09T16:04:48.9094263Z #14 pushing layer b75b00e095da 123.85MB / 193.12MB 3.5s
2025-03-09T16:04:49.2303789Z #14 pushing layer b75b00e095da 134.00MB / 193.12MB 3.8s
2025-03-09T16:04:49.6807064Z #14 pushing layer b75b00e095da 144.05MB / 193.12MB 4.2s
2025-03-09T16:04:50.0955322Z #14 pushing layer b75b00e095da 157.05MB / 193.12MB 4.7s
2025-03-09T16:04:50.4141971Z #14 pushing layer b75b00e095da 168.74MB / 193.12MB 5.0s
2025-03-09T16:04:50.7352060Z #14 pushing layer b75b00e095da 180.42MB / 193.12MB 5.3s
2025-03-09T16:04:51.0572673Z #14 pushing layer b75b00e095da 192.09MB / 193.12MB 5.6s
2025-03-09T16:04:51.3750420Z #14 pushing layer b75b00e095da 204.78MB / 193.12MB 5.9s
2025-03-09T16:04:53.2913417Z #14 pushing layer b75b00e095da 7.9s done
2025-03-09T16:04:54.9501653Z #14 pushing layer 95904c181913 9.5s done
2025-03-09T16:04:55.0537138Z #14 pushing layer 586c0b414da7 9.5s done
2025-03-09T16:04:55.0537860Z #14 pushing layer 0bfd290f2c17 9.5s done
2025-03-09T16:04:55.0538494Z #14 pushing layer 6d75cd01c26c 9.5s done
2025-03-09T16:04:55.0539104Z #14 pushing layer df69bfa94785 9.5s done
2025-03-09T16:04:55.0539568Z #14 pushing layer f35deb8d96fc 9.5s done
2025-03-09T16:04:55.0540041Z #14 pushing layer f6c2459e2059 9.5s done
2025-03-09T16:04:55.0540645Z #14 pushing layer f8323fb3a55c 9.5s done
2025-03-09T16:04:55.0541174Z #14 pushing layer 2f4dc9775f33 9.5s done
2025-03-09T16:04:55.0541672Z #14 DONE 9.6s
2025-03-09T16:04:55.0541915Z 
2025-03-09T16:04:55.0542256Z #15 pushing ***/udagram-api-feed:5 with docker
2025-03-09T16:04:55.0542884Z #15 pushing layer cf4ca7bce252
2025-03-09T16:04:55.0543243Z #15 pushing layer 8c8a6cf6ba4f
2025-03-09T16:04:55.0543692Z #15 pushing layer c6d264adf0e1 0.1s
2025-03-09T16:04:55.0544318Z #15 pushing layer 973298ed424a
2025-03-09T16:04:55.0544727Z #15 pushing layer 586c0b414da7
2025-03-09T16:04:55.0545513Z #15 pushing layer 0bfd290f2c17
2025-03-09T16:04:55.0545875Z #15 pushing layer 6d75cd01c26c
2025-03-09T16:04:55.0546320Z #15 pushing layer 95904c181913
2025-03-09T16:04:55.0546649Z #15 pushing layer df69bfa94785
2025-03-09T16:04:55.0547073Z #15 pushing layer f35deb8d96fc
2025-03-09T16:04:55.0547408Z #15 pushing layer f6c2459e2059
2025-03-09T16:04:55.0548015Z #15 pushing layer f8323fb3a55c
2025-03-09T16:04:55.0548351Z #15 pushing layer 2f4dc9775f33
2025-03-09T16:04:55.8577068Z #15 pushing layer b75b00e095da 0.9s done
2025-03-09T16:04:56.0083826Z #15 pushing layer cf4ca7bce252 0.9s done
2025-03-09T16:04:56.0084736Z #15 pushing layer 8c8a6cf6ba4f 0.9s done
2025-03-09T16:04:56.0085424Z #15 pushing layer c6d264adf0e1 0.9s done
2025-03-09T16:04:56.0086007Z #15 pushing layer 973298ed424a 0.9s done
2025-03-09T16:04:56.0086610Z #15 pushing layer 586c0b414da7 0.9s done
2025-03-09T16:04:56.0087121Z #15 pushing layer 0bfd290f2c17 0.9s done
2025-03-09T16:04:56.0087581Z #15 pushing layer 6d75cd01c26c 0.9s done
2025-03-09T16:04:56.0087954Z #15 pushing layer 95904c181913 0.9s done
2025-03-09T16:04:56.0088399Z #15 pushing layer df69bfa94785 0.9s done
2025-03-09T16:04:56.0088834Z #15 pushing layer f35deb8d96fc 0.9s done
2025-03-09T16:04:56.0089190Z #15 pushing layer f6c2459e2059 0.9s done
2025-03-09T16:04:56.0089641Z #15 pushing layer f8323fb3a55c 0.9s done
2025-03-09T16:04:56.0090037Z #15 pushing layer 2f4dc9775f33 0.9s done
2025-03-09T16:04:56.0090471Z #15 DONE 0.9s
2025-03-09T16:04:56.1099829Z ##[group]ImageID
2025-03-09T16:04:56.1100511Z sha256:c334df69a8c2a84dcc525232fd91568c4c6a7dcb33f946ba0cec09589d116f60
2025-03-09T16:04:56.1101567Z ##[endgroup]
2025-03-09T16:04:56.1102190Z ##[group]Digest
2025-03-09T16:04:56.1102755Z sha256:f6809f88528ee9943861fa1d8466064ff1b4c8b5d69a144ae806fd9df8b96f0d
2025-03-09T16:04:56.1105592Z ##[endgroup]
2025-03-09T16:04:56.1106328Z ##[group]Metadata
2025-03-09T16:04:56.1106736Z {
2025-03-09T16:04:56.1107154Z   "buildx.build.provenance": {
2025-03-09T16:04:56.1108003Z     "buildType": "https://mobyproject.org/buildkit@v1",
2025-03-09T16:04:56.1108658Z     "materials": [
2025-03-09T16:04:56.1109053Z       {
2025-03-09T16:04:56.1109537Z         "uri": "pkg:docker/node@12?platform=linux%2Famd64",
2025-03-09T16:04:56.1110096Z         "digest": {
2025-03-09T16:04:56.1110753Z           "sha256": "01627afeb110b3054ba4a1405541ca095c8bfca1cb6f2be9479c767a2711879e"
2025-03-09T16:04:56.1111489Z         }
2025-03-09T16:04:56.1111828Z       }
2025-03-09T16:04:56.1112153Z     ],
2025-03-09T16:04:56.1112496Z     "invocation": {
2025-03-09T16:04:56.1112896Z       "configSource": {
2025-03-09T16:04:56.1113308Z         "entryPoint": "Dockerfile"
2025-03-09T16:04:56.1113751Z       },
2025-03-09T16:04:56.1114344Z       "parameters": {
2025-03-09T16:04:56.1114768Z         "frontend": "dockerfile.v0",
2025-03-09T16:04:56.1115274Z         "args": {
2025-03-09T16:04:56.1115922Z           "build-arg:AWS_BUCKET_ARG": "***",
2025-03-09T16:04:56.1116534Z           "build-arg:AWS_PROFILE_ARG": "***",
2025-03-09T16:04:56.1117140Z           "build-arg:AWS_REGION_ARG": "***",
2025-03-09T16:04:56.1117703Z           "build-arg:JWT_SECRET_ARG": "***",
2025-03-09T16:04:56.1118196Z           "build-arg:POSTGRES_DB_ARG": "***",
2025-03-09T16:04:56.1119032Z           "build-arg:POSTGRES_HOST_ARG": "***",
2025-03-09T16:04:56.1119590Z           "build-arg:POSTGRES_PASSWORD_ARG": "***",
2025-03-09T16:04:56.1120152Z           "build-arg:POSTGRES_USERNAME_ARG": "***",
2025-03-09T16:04:56.1120758Z           "build-arg:URL_ARG": "***"
2025-03-09T16:04:56.1121191Z         },
2025-03-09T16:04:56.1121521Z         "locals": [
2025-03-09T16:04:56.1121871Z           {
2025-03-09T16:04:56.1122215Z             "name": "context"
2025-03-09T16:04:56.1122617Z           },
2025-03-09T16:04:56.1122935Z           {
2025-03-09T16:04:56.1123276Z             "name": "dockerfile"
2025-03-09T16:04:56.1123703Z           }
2025-03-09T16:04:56.1124257Z         ]
2025-03-09T16:04:56.1124579Z       },
2025-03-09T16:04:56.1124927Z       "environment": {
2025-03-09T16:04:56.1125596Z         "platform": "linux/amd64"
2025-03-09T16:04:56.1126053Z       }
2025-03-09T16:04:56.1126359Z     }
2025-03-09T16:04:56.1126676Z   },
2025-03-09T16:04:56.1127216Z   "buildx.build.ref": "***/***/ry7tvnvgsh4a6jab6141518oo",
2025-03-09T16:04:56.1128231Z   "containerimage.config.digest": "sha256:c334df69a8c2a84dcc525232fd91568c4c6a7dcb33f946ba0cec09589d116f60",
2025-03-09T16:04:56.1129860Z   "containerimage.digest": "sha256:f6809f88528ee9943861fa1d8466064ff1b4c8b5d69a144ae806fd9df8b96f0d",
2025-03-09T16:04:56.1131061Z   "image.name": "docker.io/***/udagram-api-feed:latest,docker.io/***/udagram-api-feed:5"
2025-03-09T16:04:56.1131772Z }
2025-03-09T16:04:56.1132419Z ##[endgroup]
2025-03-09T16:04:56.1133038Z ##[group]Reference
2025-03-09T16:04:56.1133486Z ***/***/ry7tvnvgsh4a6jab6141518oo
2025-03-09T16:04:56.1134353Z ##[endgroup]
2025-03-09T16:04:56.1134981Z ##[group]Check build summary support
2025-03-09T16:04:56.1135817Z Build summary supported!
2025-03-09T16:04:56.1136472Z ##[endgroup]
2025-03-09T16:04:56.1267423Z Post job cleanup.
2025-03-09T16:04:56.3571747Z ##[group]Generating build summary
2025-03-09T16:04:56.4473498Z exporting build record to /home/runner/work/_temp/docker-actions-toolkit-mjej2F/export
2025-03-09T16:04:59.4539795Z [command]/usr/bin/mkfifo /home/runner/work/_temp/docker-actions-toolkit-mjej2F/buildx-in-C2XdTn.fifo
2025-03-09T16:04:59.4597014Z [command]/usr/bin/mkfifo /home/runner/work/_temp/docker-actions-toolkit-mjej2F/buildx-out-rNNTQ1.fifo
2025-03-09T16:04:59.4637891Z [command]docker buildx --builder *** dial-stdio
2025-03-09T16:04:59.4674997Z [command]docker run --rm -i -v /home/runner/.docker/buildx/refs:/buildx-refs -v /home/runner/work/_temp/docker-actions-toolkit-mjej2F/export:/out docker.io/dockereng/export-build:latest --ref-state-dir=/buildx-refs --node=***/*** --ref=ry7tvnvgsh4a6jab6141518oo --uid=1001 --gid=118
2025-03-09T16:04:59.4822108Z Unable to find image 'dockereng/export-build:latest' locally
2025-03-09T16:04:59.6634088Z latest: Pulling from dockereng/export-build
2025-03-09T16:04:59.7176378Z 5f398fcfd265: Pulling fs layer
2025-03-09T16:04:59.7176790Z 152e015ae384: Pulling fs layer
2025-03-09T16:04:59.7618032Z 152e015ae384: Verifying Checksum
2025-03-09T16:04:59.7618609Z 152e015ae384: Download complete
2025-03-09T16:04:59.8559586Z 5f398fcfd265: Verifying Checksum
2025-03-09T16:04:59.8560895Z 5f398fcfd265: Download complete
2025-03-09T16:04:59.9592979Z 5f398fcfd265: Pull complete
2025-03-09T16:04:59.9948152Z 152e015ae384: Pull complete
2025-03-09T16:04:59.9990917Z Digest: sha256:8a8d92fc2d7cc8a8855400970bb971436fc117bd39366595f55f7e1283a1e961
2025-03-09T16:05:00.0005816Z Status: Downloaded newer image for dockereng/export-build:latest
2025-03-09T16:05:00.4010544Z Process "docker run" exited with code 0
2025-03-09T16:05:00.4015601Z Parsing /home/runner/work/_temp/docker-actions-toolkit-mjej2F/export/summary.json
2025-03-09T16:05:00.4020099Z Build record written to /home/runner/work/_temp/docker-actions-toolkit-mjej2F/export/kotdm1996~Microservices_v3~RY7TVN.dockerbuild (26.58 KB)
2025-03-09T16:05:00.4036976Z Uploading kotdm1996~Microservices_v3~RY7TVN.dockerbuild to blob storage
2025-03-09T16:05:00.4392070Z Process "buildx dial-stdio" was killed with signal SIGKILL
2025-03-09T16:05:00.4962967Z Beginning upload of artifact content to blob storage
2025-03-09T16:05:00.5056154Z Uploaded bytes 27216
2025-03-09T16:05:00.5464808Z Finished uploading artifact content to blob storage!
2025-03-09T16:05:00.5469665Z SHA256 hash of uploaded artifact is cc6dbb855fc8e9e3bb2d8f99375a0872d57d936f3b49cf24c5f70c680a09478b
2025-03-09T16:05:00.5471007Z Finalizing artifact upload
2025-03-09T16:05:00.6465106Z Artifact successfully finalized (2718338402)
2025-03-09T16:05:00.6466608Z Artifact download URL: https://github.com/kotdm1996/Microservices_v3/actions/runs/13750166967/artifacts/2718338402
2025-03-09T16:05:00.6493739Z Writing summary
2025-03-09T16:05:00.6507697Z ##[endgroup]
2025-03-09T16:05:00.6508503Z ##[group]Removing temp folder /home/runner/work/_temp/docker-actions-toolkit-3fTTh1
2025-03-09T16:05:00.6516988Z ##[endgroup]
2025-03-09T16:05:00.6517808Z ##[group]Post cache
2025-03-09T16:05:00.6518950Z State not set
2025-03-09T16:05:00.6519631Z ##[endgroup]
2025-03-09T16:05:00.6653404Z Post job cleanup.
2025-03-09T16:05:00.9519672Z [command]/usr/bin/docker logout 
2025-03-09T16:05:00.9655735Z Removing login credentials for https://index.docker.io/v1/
2025-03-09T16:05:00.9686765Z ##[group]Post cache
2025-03-09T16:05:00.9688239Z State not set
2025-03-09T16:05:00.9689415Z ##[endgroup]
2025-03-09T16:05:00.9860113Z Post job cleanup.
2025-03-09T16:05:01.0869767Z [command]/usr/bin/git version
2025-03-09T16:05:01.0891911Z git version 2.48.1
2025-03-09T16:05:01.0937545Z Temporarily overriding HOME='/home/runner/work/_temp/e221b88e-83c3-4718-8579-e78b732a09c2' before making global git config changes
2025-03-09T16:05:01.0938838Z Adding repository directory to the temporary git global config as a safe directory
2025-03-09T16:05:01.0943380Z [command]/usr/bin/git config --global --add safe.directory /home/runner/work/Microservices_v3/Microservices_v3
2025-03-09T16:05:01.0980632Z [command]/usr/bin/git config --local --name-only --get-regexp core\.sshCommand
2025-03-09T16:05:01.1020059Z [command]/usr/bin/git submodule foreach --recursive sh -c "git config --local --name-only --get-regexp 'core\.sshCommand' && git config --local --unset-all 'core.sshCommand' || :"
2025-03-09T16:05:01.1271867Z [command]/usr/bin/git config --local --name-only --get-regexp http\.https\:\/\/github\.com\/\.extraheader
2025-03-09T16:05:01.1294067Z http.https://github.com/.extraheader
2025-03-09T16:05:01.1306780Z [command]/usr/bin/git config --local --unset-all http.https://github.com/.extraheader
2025-03-09T16:05:01.1338604Z [command]/usr/bin/git submodule foreach --recursive sh -c "git config --local --name-only --get-regexp 'http\.https\:\/\/github\.com\/\.extraheader' && git config --local --unset-all 'http.https://github.com/.extraheader' || :"
2025-03-09T16:05:01.1694648Z Cleaning up orphan processes